// Jest Snapshot v1, https://goo.gl/fbAQLP

exports[`<MovieItem /> should render components correctly 1`] = `ShallowWrapper {}`;
