// Jest Snapshot v1, https://goo.gl/fbAQLP

exports[`<Footer /> render internal components correctly 1`] = `ShallowWrapper {}`;
