// Jest Snapshot v1, https://goo.gl/fbAQLP

exports[`<MovieView /> render internal components correctly 1`] = `ShallowWrapper {}`;
