// Jest Snapshot v1, https://goo.gl/fbAQLP

exports[`<MovieSingleView /> should render components correctly 1`] = `ShallowWrapper {}`;
