// Jest Snapshot v1, https://goo.gl/fbAQLP

exports[`List component should render components correctly 1`] = `ShallowWrapper {}`;
