// Jest Snapshot v1, https://goo.gl/fbAQLP

exports[`<SearchContainer /> should render components correctly 1`] = `ShallowWrapper {}`;
