// Jest Snapshot v1, https://goo.gl/fbAQLP

exports[`<MainPage /> render internal components correctly 1`] = `ShallowWrapper {}`;
